<html>
<body>
<pre>
<h1>µVision Build Log</h1>
<h2>Project:</h2>
N:\ece455\lab2.uvproj
Project File Date:  06/08/2015

<h2>Output:</h2>
Build target 'LPC1768_FLASH'
compiling lab2.c...
linking...
Program Size: Code=4270 RO-data=6526 RW-data=40 ZI-data=656  
"lab2.axf" - 0 Error(s), 0 Warning(s).
Load "N:\\ece455\\lab2.AXF" 
Erase Done.
Programming Done.
Verify OK.
Rebuild target 'LPC1768_FLASH'
assembling startup_LPC17xx.s...
compiling lab2.c...
compiling GLCD_SPI_LPC1700.c...
compiling system_LPC17xx.c...
linking...
Program Size: Code=4242 RO-data=6526 RW-data=40 ZI-data=656  
"lab2.axf" - 0 Error(s), 0 Warning(s).
Load "N:\\ece455\\lab2.AXF" 
Erase Done.
Programming Done.
Verify OK.
Rebuild target 'LPC1768_FLASH'
assembling startup_LPC17xx.s...
compiling lab2.c...
compiling GLCD_SPI_LPC1700.c...
compiling system_LPC17xx.c...
linking...
Program Size: Code=4242 RO-data=6526 RW-data=40 ZI-data=656  
"lab2.axf" - 0 Error(s), 0 Warning(s).
Load "N:\\ece455\\lab2.AXF" 
Erase Done.
Programming Done.
Verify OK.
Build target 'LPC1768_FLASH'
compiling lab2.c...
linking...
Program Size: Code=4290 RO-data=6526 RW-data=40 ZI-data=656  
"lab2.axf" - 0 Error(s), 0 Warning(s).
Load "N:\\ece455\\lab2.AXF" 
Erase Done.
Programming Done.
Verify OK.
Build target 'LPC1768_FLASH'
compiling lab2.c...
linking...
Program Size: Code=4262 RO-data=6526 RW-data=40 ZI-data=656  
"lab2.axf" - 0 Error(s), 0 Warning(s).
Load "N:\\ece455\\lab2.AXF" 
Erase Done.
Programming Done.
Verify OK.
Build target 'LPC1768_FLASH'
compiling lab2.c...
linking...
Program Size: Code=4282 RO-data=6526 RW-data=40 ZI-data=656  
"lab2.axf" - 0 Error(s), 0 Warning(s).
Load "N:\\ece455\\lab2.AXF" 
Erase Done.
Programming Done.
Verify OK.
