<html>
<body>
<pre>
<h1>µVision Build Log</h1>
<h2>Tool Versions:</h2>
IDE-Version: µVision V5.15
Copyright (C) 2015 ARM Ltd and ARM Germany GmbH. All rights reserved.
License Information: raunaq sawhney, uw, LIC=----
 
Tool Versions:
Toolchain:       MDK-Lite  Version: 5.15.0
Toolchain Path:  C:\Keil_v5\ARM\ARMCC\Bin
C Compiler:      Armcc.exe V5.05 update 2 (build 169)
Assembler:       Armasm.exe V5.05 update 2 (build 169)
Linker/Locator:  ArmLink.exe V5.05 update 2 (build 169)
Library Manager: ArmAr.exe V5.05 update 2 (build 169)
Hex Converter:   FromElf.exe V5.05 update 2 (build 169)
CPU DLL:         SARMCM3.DLL V5.15.0
Dialog DLL:      DLM.DLL V1.24.0.0
Target DLL:      UL2CM3.DLL V1.155.8.0
Dialog DLL:      TLM.DLL V1.22.0.2
 
<h2>Project:</h2>
C:\Users\raunaqsawhney\Desktop\FreeRTOS-simple-demo-for-the-Keil-Cortex-M3-simulator\FreeRTOS-simple-demo-for-the-Keil-Cortex-M3-simulator\Simple-FreeRTOS-Demo.uvproj
Project File Date:  12/04/2010

<h2>Output:</h2>
*** Using Compiler 'V5.05 update 2 (build 169)', folder: 'C:\Keil_v5\ARM\ARMCC\Bin'
Build target 'Simple-FreeRTOS-Demo'
assembling startup_MPS_CM3.s...
compiling main.c...
compiling tasks.c...
compiling list.c...
compiling queue.c...
compiling port.c...
compiling heap_1.c...
linking...
Program Size: Code=5280 RO-data=224 RW-data=88 ZI-data=2784  
".\Output\Simple-FreeRTOS-Demo.axf" - 0 Error(s), 0 Warning(s).
</pre>
</body>
</html>
